// Jest Snapshot v1, https://goo.gl/fbAQLP

exports[`TestComponent should render correct contents 1`] = `undefined`;
